// Jest Snapshot v1, https://goo.gl/fbAQLP

exports[`Link changes the class when hovered 1`] = `
<View
  accessible={true}
  focusable={true}
  onClick={[Function]}
  onResponderGrant={[Function]}
  onResponderMove={[Function]}
  onResponderRelease={[Function]}
  onResponderTerminate={[Function]}
  onResponderTerminationRequest={[Function]}
  onStartShouldSetResponder={[Function]}
  style={
    Object {
      "opacity": 1,
    }
  }
>
  <View
    style={
      Object {
        "borderColor": "#FFFFFF",
        "borderRadius": 5,
        "borderWidth": 1,
        "flexDirection": "row",
        "justifyContent": "space-between",
        "marginBottom": 20,
        "marginHorizontal": 20,
        "padding": 20,
      }
    }
  >
    <Text
      style={
        Object {
          "color": "#FFFFFF",
        }
      }
    >
      Colima
    </Text>
    <Text
      style={
        Object {
          "color": "#FFFFFF",
        }
      }
    >
      -248
       Cº
    </Text>
  </View>
</View>
`;

exports[`Link changes the class when hovered 2`] = `
<View
  accessible={true}
  focusable={true}
  onClick={[Function]}
  onResponderGrant={[Function]}
  onResponderMove={[Function]}
  onResponderRelease={[Function]}
  onResponderTerminate={[Function]}
  onResponderTerminationRequest={[Function]}
  onStartShouldSetResponder={[Function]}
  style={
    Object {
      "opacity": 1,
    }
  }
>
  <View
    style={
      Object {
        "borderColor": "#FFFFFF",
        "borderRadius": 5,
        "borderWidth": 1,
        "flexDirection": "row",
        "justifyContent": "space-between",
        "marginBottom": 20,
        "marginHorizontal": 20,
        "padding": 20,
      }
    }
  >
    <Text
      style={
        Object {
          "color": "#FFFFFF",
        }
      }
    >
      Colima
    </Text>
    <Text
      style={
        Object {
          "color": "#FFFFFF",
        }
      }
    >
      -248
       Cº
    </Text>
  </View>
</View>
`;

exports[`Link changes the class when hovered 3`] = `
<View
  accessible={true}
  focusable={true}
  onClick={[Function]}
  onResponderGrant={[Function]}
  onResponderMove={[Function]}
  onResponderRelease={[Function]}
  onResponderTerminate={[Function]}
  onResponderTerminationRequest={[Function]}
  onStartShouldSetResponder={[Function]}
  style={
    Object {
      "opacity": 1,
    }
  }
>
  <View
    style={
      Object {
        "borderColor": "#FFFFFF",
        "borderRadius": 5,
        "borderWidth": 1,
        "flexDirection": "row",
        "justifyContent": "space-between",
        "marginBottom": 20,
        "marginHorizontal": 20,
        "padding": 20,
      }
    }
  >
    <Text
      style={
        Object {
          "color": "#FFFFFF",
        }
      }
    >
      Colima
    </Text>
    <Text
      style={
        Object {
          "color": "#FFFFFF",
        }
      }
    >
      -248
       Cº
    </Text>
  </View>
</View>
`;
