// Jest Snapshot v1, https://goo.gl/fbAQLP

exports[`CityWeatherCompnent works perfect 1`] = `
<View
  accessible={true}
  focusable={true}
  onClick={[Function]}
  onResponderGrant={[Function]}
  onResponderMove={[Function]}
  onResponderRelease={[Function]}
  onResponderTerminate={[Function]}
  onResponderTerminationRequest={[Function]}
  onStartShouldSetResponder={[Function]}
  style={
    Object {
      "flex": 1,
      "opacity": 1,
    }
  }
>
  <View
    style={
      Object {
        "alignItems": "center",
        "borderColor": "#FFFFFF",
        "borderRadius": 5,
        "borderWidth": 1,
        "justifyContent": "center",
        "marginBottom": 20,
        "marginHorizontal": 20,
        "padding": 20,
      }
    }
  >
    <Text
      numberOfLines={1}
      style={
        Object {
          "color": "#FFFFFF",
          "fontSize": 20,
        }
      }
    >
      Colima
    </Text>
    <Text
      style={
        Object {
          "color": "#FFFFFF",
          "fontSize": 35,
        }
      }
    >
      -248 Cº
    </Text>
  </View>
</View>
`;

exports[`CityWeatherCompnent works perfect 2`] = `
<View
  accessible={true}
  focusable={true}
  onClick={[Function]}
  onResponderGrant={[Function]}
  onResponderMove={[Function]}
  onResponderRelease={[Function]}
  onResponderTerminate={[Function]}
  onResponderTerminationRequest={[Function]}
  onStartShouldSetResponder={[Function]}
  style={
    Object {
      "flex": 1,
      "opacity": 1,
    }
  }
>
  <View
    style={
      Object {
        "alignItems": "center",
        "borderColor": "#FFFFFF",
        "borderRadius": 5,
        "borderWidth": 1,
        "justifyContent": "center",
        "marginBottom": 20,
        "marginHorizontal": 20,
        "padding": 20,
      }
    }
  >
    <Text
      numberOfLines={1}
      style={
        Object {
          "color": "#FFFFFF",
          "fontSize": 20,
        }
      }
    >
      Colima
    </Text>
    <Text
      style={
        Object {
          "color": "#FFFFFF",
          "fontSize": 35,
        }
      }
    >
      -248 Cº
    </Text>
  </View>
</View>
`;

exports[`CityWeatherCompnent works perfect 3`] = `
<View
  accessible={true}
  focusable={true}
  onClick={[Function]}
  onResponderGrant={[Function]}
  onResponderMove={[Function]}
  onResponderRelease={[Function]}
  onResponderTerminate={[Function]}
  onResponderTerminationRequest={[Function]}
  onStartShouldSetResponder={[Function]}
  style={
    Object {
      "flex": 1,
      "opacity": 1,
    }
  }
>
  <View
    style={
      Object {
        "alignItems": "center",
        "borderColor": "#FFFFFF",
        "borderRadius": 5,
        "borderWidth": 1,
        "justifyContent": "center",
        "marginBottom": 20,
        "marginHorizontal": 20,
        "padding": 20,
      }
    }
  >
    <Text
      numberOfLines={1}
      style={
        Object {
          "color": "#FFFFFF",
          "fontSize": 20,
        }
      }
    >
      Colima
    </Text>
    <Text
      style={
        Object {
          "color": "#FFFFFF",
          "fontSize": 35,
        }
      }
    >
      -248 Cº
    </Text>
  </View>
</View>
`;

exports[`DetilsListComponent renders correctly 1`] = `
<View
  style={
    Object {
      "flex": 1,
    }
  }
>
  <RCTScrollView>
    <View>
      <View
        style={
          Object {
            "borderTopColor": "#FFFFFF",
            "borderTopWidth": 1,
            "flexDirection": "row",
            "height": 60,
            "paddingHorizontal": 10,
          }
        }
      >
        <View
          style={
            Object {
              "flex": 1,
              "justifyContent": "center",
            }
          }
        >
          <Text
            style={
              Object {
                "color": "#e6e6e6",
                "marginBottom": -5,
              }
            }
          >
            Amanecer
          </Text>
          <Text
            style={
              Object {
                "color": "#FFFFFF",
                "fontSize": 30,
              }
            }
          >
            1:40
          </Text>
        </View>
        <View
          style={
            Object {
              "flex": 1,
              "justifyContent": "center",
            }
          }
        >
          <Text
            style={
              Object {
                "color": "#e6e6e6",
                "marginBottom": -5,
              }
            }
          >
            Atardecer
          </Text>
          <Text
            style={
              Object {
                "color": "#FFFFFF",
                "fontSize": 30,
              }
            }
          >
            10:47
          </Text>
        </View>
      </View>
      <View
        style={
          Object {
            "borderTopColor": "#FFFFFF",
            "borderTopWidth": 1,
            "flexDirection": "row",
            "height": 60,
            "paddingHorizontal": 10,
          }
        }
      >
        <View
          style={
            Object {
              "flex": 1,
              "justifyContent": "center",
            }
          }
        >
          <Text
            style={
              Object {
                "color": "#e6e6e6",
                "marginBottom": -5,
              }
            }
          >
            Humedad
          </Text>
          <Text
            style={
              Object {
                "color": "#FFFFFF",
                "fontSize": 30,
              }
            }
          >
            81%
          </Text>
        </View>
        <View
          style={
            Object {
              "flex": 1,
              "justifyContent": "center",
            }
          }
        >
          <Text
            style={
              Object {
                "color": "#e6e6e6",
                "marginBottom": -5,
              }
            }
          >
            Presión
          </Text>
          <Text
            style={
              Object {
                "color": "#FFFFFF",
                "fontSize": 30,
              }
            }
          >
            1012 hPa
          </Text>
        </View>
      </View>
      <View
        style={
          Object {
            "borderTopColor": "#FFFFFF",
            "borderTopWidth": 1,
            "flexDirection": "row",
            "height": 60,
            "paddingHorizontal": 10,
          }
        }
      >
        <View
          style={
            Object {
              "flex": 1,
              "justifyContent": "center",
            }
          }
        >
          <Text
            style={
              Object {
                "color": "#e6e6e6",
                "marginBottom": -5,
              }
            }
          >
            Temperatura máxima
          </Text>
          <Text
            style={
              Object {
                "color": "#FFFFFF",
                "fontSize": 30,
              }
            }
          >
            8º
          </Text>
        </View>
        <View
          style={
            Object {
              "flex": 1,
              "justifyContent": "center",
            }
          }
        >
          <Text
            style={
              Object {
                "color": "#e6e6e6",
                "marginBottom": -5,
              }
            }
          >
            Temperatura minima
          </Text>
          <Text
            style={
              Object {
                "color": "#FFFFFF",
                "fontSize": 30,
              }
            }
          >
            6º
          </Text>
        </View>
      </View>
      <View
        style={
          Object {
            "borderTopColor": "#FFFFFF",
            "borderTopWidth": 1,
            "flexDirection": "row",
            "height": 60,
            "paddingHorizontal": 10,
          }
        }
      >
        <View
          style={
            Object {
              "flex": 1,
              "justifyContent": "center",
            }
          }
        >
          <Text
            style={
              Object {
                "color": "#e6e6e6",
                "marginBottom": -5,
              }
            }
          >
            Visibilidad
          </Text>
          <Text
            style={
              Object {
                "color": "#FFFFFF",
                "fontSize": 30,
              }
            }
          >
            10 km
          </Text>
        </View>
        <View
          style={
            Object {
              "flex": 1,
              "justifyContent": "center",
            }
          }
        >
          <Text
            style={
              Object {
                "color": "#e6e6e6",
                "marginBottom": -5,
              }
            }
          >
            Velocidad del viento
          </Text>
          <Text
            style={
              Object {
                "color": "#FFFFFF",
                "fontSize": 30,
              }
            }
          >
            4.1 km
          </Text>
        </View>
      </View>
    </View>
  </RCTScrollView>
</View>
`;

exports[`DetilsListComponent renders correctly 2`] = `
<View
  style={
    Object {
      "flex": 1,
    }
  }
>
  <RCTScrollView>
    <View>
      <View
        style={
          Object {
            "borderTopColor": "#FFFFFF",
            "borderTopWidth": 1,
            "flexDirection": "row",
            "height": 60,
            "paddingHorizontal": 10,
          }
        }
      >
        <View
          style={
            Object {
              "flex": 1,
              "justifyContent": "center",
            }
          }
        >
          <Text
            style={
              Object {
                "color": "#e6e6e6",
                "marginBottom": -5,
              }
            }
          >
            Amanecer
          </Text>
          <Text
            style={
              Object {
                "color": "#FFFFFF",
                "fontSize": 30,
              }
            }
          >
            1:40
          </Text>
        </View>
        <View
          style={
            Object {
              "flex": 1,
              "justifyContent": "center",
            }
          }
        >
          <Text
            style={
              Object {
                "color": "#e6e6e6",
                "marginBottom": -5,
              }
            }
          >
            Atardecer
          </Text>
          <Text
            style={
              Object {
                "color": "#FFFFFF",
                "fontSize": 30,
              }
            }
          >
            10:47
          </Text>
        </View>
      </View>
      <View
        style={
          Object {
            "borderTopColor": "#FFFFFF",
            "borderTopWidth": 1,
            "flexDirection": "row",
            "height": 60,
            "paddingHorizontal": 10,
          }
        }
      >
        <View
          style={
            Object {
              "flex": 1,
              "justifyContent": "center",
            }
          }
        >
          <Text
            style={
              Object {
                "color": "#e6e6e6",
                "marginBottom": -5,
              }
            }
          >
            Humedad
          </Text>
          <Text
            style={
              Object {
                "color": "#FFFFFF",
                "fontSize": 30,
              }
            }
          >
            81%
          </Text>
        </View>
        <View
          style={
            Object {
              "flex": 1,
              "justifyContent": "center",
            }
          }
        >
          <Text
            style={
              Object {
                "color": "#e6e6e6",
                "marginBottom": -5,
              }
            }
          >
            Presión
          </Text>
          <Text
            style={
              Object {
                "color": "#FFFFFF",
                "fontSize": 30,
              }
            }
          >
            1012 hPa
          </Text>
        </View>
      </View>
      <View
        style={
          Object {
            "borderTopColor": "#FFFFFF",
            "borderTopWidth": 1,
            "flexDirection": "row",
            "height": 60,
            "paddingHorizontal": 10,
          }
        }
      >
        <View
          style={
            Object {
              "flex": 1,
              "justifyContent": "center",
            }
          }
        >
          <Text
            style={
              Object {
                "color": "#e6e6e6",
                "marginBottom": -5,
              }
            }
          >
            Temperatura máxima
          </Text>
          <Text
            style={
              Object {
                "color": "#FFFFFF",
                "fontSize": 30,
              }
            }
          >
            8º
          </Text>
        </View>
        <View
          style={
            Object {
              "flex": 1,
              "justifyContent": "center",
            }
          }
        >
          <Text
            style={
              Object {
                "color": "#e6e6e6",
                "marginBottom": -5,
              }
            }
          >
            Temperatura minima
          </Text>
          <Text
            style={
              Object {
                "color": "#FFFFFF",
                "fontSize": 30,
              }
            }
          >
            6º
          </Text>
        </View>
      </View>
      <View
        style={
          Object {
            "borderTopColor": "#FFFFFF",
            "borderTopWidth": 1,
            "flexDirection": "row",
            "height": 60,
            "paddingHorizontal": 10,
          }
        }
      >
        <View
          style={
            Object {
              "flex": 1,
              "justifyContent": "center",
            }
          }
        >
          <Text
            style={
              Object {
                "color": "#e6e6e6",
                "marginBottom": -5,
              }
            }
          >
            Visibilidad
          </Text>
          <Text
            style={
              Object {
                "color": "#FFFFFF",
                "fontSize": 30,
              }
            }
          >
            10 km
          </Text>
        </View>
        <View
          style={
            Object {
              "flex": 1,
              "justifyContent": "center",
            }
          }
        >
          <Text
            style={
              Object {
                "color": "#e6e6e6",
                "marginBottom": -5,
              }
            }
          >
            Velocidad del viento
          </Text>
          <Text
            style={
              Object {
                "color": "#FFFFFF",
                "fontSize": 30,
              }
            }
          >
            4.1 km
          </Text>
        </View>
      </View>
    </View>
  </RCTScrollView>
</View>
`;

exports[`DetilsListComponent renders correctly 3`] = `
<View
  style={
    Object {
      "flex": 1,
    }
  }
>
  <RCTScrollView>
    <View>
      <View
        style={
          Object {
            "borderTopColor": "#FFFFFF",
            "borderTopWidth": 1,
            "flexDirection": "row",
            "height": 60,
            "paddingHorizontal": 10,
          }
        }
      >
        <View
          style={
            Object {
              "flex": 1,
              "justifyContent": "center",
            }
          }
        >
          <Text
            style={
              Object {
                "color": "#e6e6e6",
                "marginBottom": -5,
              }
            }
          >
            Amanecer
          </Text>
          <Text
            style={
              Object {
                "color": "#FFFFFF",
                "fontSize": 30,
              }
            }
          >
            1:40
          </Text>
        </View>
        <View
          style={
            Object {
              "flex": 1,
              "justifyContent": "center",
            }
          }
        >
          <Text
            style={
              Object {
                "color": "#e6e6e6",
                "marginBottom": -5,
              }
            }
          >
            Atardecer
          </Text>
          <Text
            style={
              Object {
                "color": "#FFFFFF",
                "fontSize": 30,
              }
            }
          >
            10:47
          </Text>
        </View>
      </View>
      <View
        style={
          Object {
            "borderTopColor": "#FFFFFF",
            "borderTopWidth": 1,
            "flexDirection": "row",
            "height": 60,
            "paddingHorizontal": 10,
          }
        }
      >
        <View
          style={
            Object {
              "flex": 1,
              "justifyContent": "center",
            }
          }
        >
          <Text
            style={
              Object {
                "color": "#e6e6e6",
                "marginBottom": -5,
              }
            }
          >
            Humedad
          </Text>
          <Text
            style={
              Object {
                "color": "#FFFFFF",
                "fontSize": 30,
              }
            }
          >
            81%
          </Text>
        </View>
        <View
          style={
            Object {
              "flex": 1,
              "justifyContent": "center",
            }
          }
        >
          <Text
            style={
              Object {
                "color": "#e6e6e6",
                "marginBottom": -5,
              }
            }
          >
            Presión
          </Text>
          <Text
            style={
              Object {
                "color": "#FFFFFF",
                "fontSize": 30,
              }
            }
          >
            1012 hPa
          </Text>
        </View>
      </View>
      <View
        style={
          Object {
            "borderTopColor": "#FFFFFF",
            "borderTopWidth": 1,
            "flexDirection": "row",
            "height": 60,
            "paddingHorizontal": 10,
          }
        }
      >
        <View
          style={
            Object {
              "flex": 1,
              "justifyContent": "center",
            }
          }
        >
          <Text
            style={
              Object {
                "color": "#e6e6e6",
                "marginBottom": -5,
              }
            }
          >
            Temperatura máxima
          </Text>
          <Text
            style={
              Object {
                "color": "#FFFFFF",
                "fontSize": 30,
              }
            }
          >
            8º
          </Text>
        </View>
        <View
          style={
            Object {
              "flex": 1,
              "justifyContent": "center",
            }
          }
        >
          <Text
            style={
              Object {
                "color": "#e6e6e6",
                "marginBottom": -5,
              }
            }
          >
            Temperatura minima
          </Text>
          <Text
            style={
              Object {
                "color": "#FFFFFF",
                "fontSize": 30,
              }
            }
          >
            6º
          </Text>
        </View>
      </View>
      <View
        style={
          Object {
            "borderTopColor": "#FFFFFF",
            "borderTopWidth": 1,
            "flexDirection": "row",
            "height": 60,
            "paddingHorizontal": 10,
          }
        }
      >
        <View
          style={
            Object {
              "flex": 1,
              "justifyContent": "center",
            }
          }
        >
          <Text
            style={
              Object {
                "color": "#e6e6e6",
                "marginBottom": -5,
              }
            }
          >
            Visibilidad
          </Text>
          <Text
            style={
              Object {
                "color": "#FFFFFF",
                "fontSize": 30,
              }
            }
          >
            10 km
          </Text>
        </View>
        <View
          style={
            Object {
              "flex": 1,
              "justifyContent": "center",
            }
          }
        >
          <Text
            style={
              Object {
                "color": "#e6e6e6",
                "marginBottom": -5,
              }
            }
          >
            Velocidad del viento
          </Text>
          <Text
            style={
              Object {
                "color": "#FFFFFF",
                "fontSize": 30,
              }
            }
          >
            4.1 km
          </Text>
        </View>
      </View>
    </View>
  </RCTScrollView>
</View>
`;

exports[`DetilsListComponent renders correctly 4`] = `
<View
  style={
    Object {
      "flex": 1,
    }
  }
>
  <RCTScrollView>
    <View>
      <View
        style={
          Object {
            "borderTopColor": "#FFFFFF",
            "borderTopWidth": 1,
            "flexDirection": "row",
            "height": 60,
            "paddingHorizontal": 10,
          }
        }
      >
        <View
          style={
            Object {
              "flex": 1,
              "justifyContent": "center",
            }
          }
        >
          <Text
            style={
              Object {
                "color": "#e6e6e6",
                "marginBottom": -5,
              }
            }
          >
            Amanecer
          </Text>
          <Text
            style={
              Object {
                "color": "#FFFFFF",
                "fontSize": 30,
              }
            }
          >
            1:40
          </Text>
        </View>
        <View
          style={
            Object {
              "flex": 1,
              "justifyContent": "center",
            }
          }
        >
          <Text
            style={
              Object {
                "color": "#e6e6e6",
                "marginBottom": -5,
              }
            }
          >
            Atardecer
          </Text>
          <Text
            style={
              Object {
                "color": "#FFFFFF",
                "fontSize": 30,
              }
            }
          >
            10:47
          </Text>
        </View>
      </View>
      <View
        style={
          Object {
            "borderTopColor": "#FFFFFF",
            "borderTopWidth": 1,
            "flexDirection": "row",
            "height": 60,
            "paddingHorizontal": 10,
          }
        }
      >
        <View
          style={
            Object {
              "flex": 1,
              "justifyContent": "center",
            }
          }
        >
          <Text
            style={
              Object {
                "color": "#e6e6e6",
                "marginBottom": -5,
              }
            }
          >
            Humedad
          </Text>
          <Text
            style={
              Object {
                "color": "#FFFFFF",
                "fontSize": 30,
              }
            }
          >
            81%
          </Text>
        </View>
        <View
          style={
            Object {
              "flex": 1,
              "justifyContent": "center",
            }
          }
        >
          <Text
            style={
              Object {
                "color": "#e6e6e6",
                "marginBottom": -5,
              }
            }
          >
            Presión
          </Text>
          <Text
            style={
              Object {
                "color": "#FFFFFF",
                "fontSize": 30,
              }
            }
          >
            1012 hPa
          </Text>
        </View>
      </View>
      <View
        style={
          Object {
            "borderTopColor": "#FFFFFF",
            "borderTopWidth": 1,
            "flexDirection": "row",
            "height": 60,
            "paddingHorizontal": 10,
          }
        }
      >
        <View
          style={
            Object {
              "flex": 1,
              "justifyContent": "center",
            }
          }
        >
          <Text
            style={
              Object {
                "color": "#e6e6e6",
                "marginBottom": -5,
              }
            }
          >
            Temperatura máxima
          </Text>
          <Text
            style={
              Object {
                "color": "#FFFFFF",
                "fontSize": 30,
              }
            }
          >
            8º
          </Text>
        </View>
        <View
          style={
            Object {
              "flex": 1,
              "justifyContent": "center",
            }
          }
        >
          <Text
            style={
              Object {
                "color": "#e6e6e6",
                "marginBottom": -5,
              }
            }
          >
            Temperatura minima
          </Text>
          <Text
            style={
              Object {
                "color": "#FFFFFF",
                "fontSize": 30,
              }
            }
          >
            6º
          </Text>
        </View>
      </View>
      <View
        style={
          Object {
            "borderTopColor": "#FFFFFF",
            "borderTopWidth": 1,
            "flexDirection": "row",
            "height": 60,
            "paddingHorizontal": 10,
          }
        }
      >
        <View
          style={
            Object {
              "flex": 1,
              "justifyContent": "center",
            }
          }
        >
          <Text
            style={
              Object {
                "color": "#e6e6e6",
                "marginBottom": -5,
              }
            }
          >
            Visibilidad
          </Text>
          <Text
            style={
              Object {
                "color": "#FFFFFF",
                "fontSize": 30,
              }
            }
          >
            10 km
          </Text>
        </View>
        <View
          style={
            Object {
              "flex": 1,
              "justifyContent": "center",
            }
          }
        >
          <Text
            style={
              Object {
                "color": "#e6e6e6",
                "marginBottom": -5,
              }
            }
          >
            Velocidad del viento
          </Text>
          <Text
            style={
              Object {
                "color": "#FFFFFF",
                "fontSize": 30,
              }
            }
          >
            4.1 km
          </Text>
        </View>
      </View>
    </View>
  </RCTScrollView>
</View>
`;
